export const snapshot = {};

snapshot[`metas plugin 1`] = `
{
  formats: [
    {
      engines: 0,
      ext: ".page.toml",
      loader: [AsyncFunction: toml],
      pageType: "page",
    },
    {
      engines: 1,
      ext: ".page.ts",
      loader: [AsyncFunction: module],
      pageType: "page",
    },
    {
      engines: 1,
      ext: ".page.js",
      loader: [AsyncFunction: module],
      pageType: "page",
    },
    {
      engines: 0,
      ext: ".page.jsonc",
      loader: [AsyncFunction: json],
      pageType: "page",
    },
    {
      engines: 0,
      ext: ".page.json",
      loader: [AsyncFunction: json],
      pageType: "page",
    },
    {
      dataLoader: [AsyncFunction: json],
      engines: 0,
      ext: ".json",
      loader: [AsyncFunction: json],
    },
    {
      dataLoader: [AsyncFunction: json],
      engines: 0,
      ext: ".jsonc",
      loader: [AsyncFunction: json],
    },
    {
      engines: 1,
      ext: ".md",
      loader: [AsyncFunction: text],
      pageType: "page",
    },
    {
      engines: 1,
      ext: ".markdown",
      loader: [AsyncFunction: text],
      pageType: "page",
    },
    {
      dataLoader: [AsyncFunction: module],
      engines: 1,
      ext: ".js",
      loader: [AsyncFunction: module],
    },
    {
      dataLoader: [AsyncFunction: module],
      engines: 1,
      ext: ".ts",
      loader: [AsyncFunction: module],
    },
    {
      engines: 1,
      ext: ".vento",
      loader: [AsyncFunction: text],
      pageType: "page",
    },
    {
      engines: 1,
      ext: ".vto",
      loader: [AsyncFunction: text],
      pageType: "page",
    },
    {
      dataLoader: [AsyncFunction: toml],
      engines: 0,
      ext: ".toml",
      loader: [AsyncFunction: toml],
    },
    {
      dataLoader: [AsyncFunction: yaml],
      engines: 0,
      ext: ".yaml",
      loader: [AsyncFunction: yaml],
      pageType: "page",
    },
    {
      dataLoader: [AsyncFunction: yaml],
      engines: 0,
      ext: ".yml",
      loader: [AsyncFunction: yaml],
      pageType: "page",
    },
  ],
  src: [
    "/",
    "/_data.js",
    "/page-1.vto",
    "/page-2.vto",
    "/page-3.md",
  ],
}
`;

snapshot[`metas plugin 2`] = `[]`;

snapshot[`metas plugin 3`] = `
[
  {
    content: '<!DOCTYPE html>
<html><head>
  <meta property="og:type" content="website">
<meta property="og:site_name" content="My site">
<meta property="og:locale" content="gl">
<meta property="og:title" content="Custom title">
<meta property="og:description" content="A very long custom description with a lot of text that will be truncated to a maximum of 155 characters and then append &quot;…&quot; to the end. Lorem ipsum dolor…">
<meta property="og:url" content="http://localhost/page-1/">
<meta property="og:image" content="http://localhost/my-image.png">
<meta name="twitter:card" content="summary_large_image">
<meta name="twitter:site" content="@myUser">
<meta name="description" content="A very long custom description with a lot of text that will be truncated to a maximum of 155 characters and then append &quot;…&quot; to the end. Lorem ipsum dolor…">
<meta name="keywords" content="one, two">
<meta name="robots" content="index, follow">
<meta name="theme-color" content="black">
<meta name="generator" content="Lume testing">
<meta name="label1" content="Reading time">
<meta name="data1" content="1 minute">
</head>
  <body>
    Hello world
  

</body></html>',
    data: {
      basename: "page-1",
      children: "<html>
  <head>
  </head>
  <body>
    Hello world
  </body>
</html>
",
      content: "<html>
  <head>
  </head>
  <body>
    Hello world
  </body>
</html>
",
      date: [],
      mergedKeys: [
        "tags",
        "metas",
      ],
      metas: [
        "site",
        "title",
        "description",
        "image",
        "icon",
        "robots",
        "keywords",
        "twitter",
        "lang",
        "color",
        "generator",
        "other",
      ],
      page: [
        "src",
        "data",
      ],
      paginate: "paginate",
      search: [],
      tags: "Array(0)",
      url: "/page-1/",
    },
    src: {
      asset: false,
      ext: ".vto",
      path: "/page-1",
      remote: undefined,
    },
  },
  {
    content: '<!DOCTYPE html>
<html><head>
  <meta property="og:type" content="website">
<meta property="og:site_name" content="My site">
<meta property="og:locale" content="gl">
<meta property="og:title" content="Relative paths">
<meta property="og:description" content="Tests the use of relative path (to page.data.url) when filling out the og:image or og:icon URL">
<meta property="og:url" content="http://localhost/page-2/">
<meta property="og:image" content="http://localhost/page-2/my-image.png">
<meta name="twitter:card" content="summary_large_image">
<meta name="twitter:site" content="@myUser">
<meta name="description" content="Tests the use of relative path (to page.data.url) when filling out the og:image or og:icon URL">
<meta name="keywords" content="one, two">
<meta name="robots" content="noindex, nofollow, noarchive">
<meta name="theme-color" content="black">
<meta name="generator" content="Lume testing">
<meta name="label1" content="Reading time">
<meta name="data1" content="1 minute">
</head>
  <body>
    Hello world
  

</body></html>',
    data: {
      basename: "page-2",
      children: "<html>
  <head>
  </head>
  <body>
    Hello world
  </body>
</html>
",
      content: "<html>
  <head>
  </head>
  <body>
    Hello world
  </body>
</html>
",
      date: [],
      mergedKeys: [
        "tags",
        "metas",
      ],
      metas: [
        "site",
        "title",
        "description",
        "image",
        "icon",
        "robots",
        "keywords",
        "twitter",
        "lang",
        "color",
        "generator",
        "other",
      ],
      page: [
        "src",
        "data",
      ],
      paginate: "paginate",
      search: [],
      tags: "Array(0)",
      url: "/page-2/",
    },
    src: {
      asset: false,
      ext: ".vto",
      path: "/page-2",
      remote: undefined,
    },
  },
  {
    content: '<!DOCTYPE html>
<html><head><meta property="og:type" content="website">
<meta property="og:site_name" content="My site">
<meta property="og:locale" content="gl">
<meta property="og:title" content="Title from page data">
<meta property="og:description" content="THIS IS PAGE EXCERPT WILL BE USED AS META DESCRIPTION.">
<meta property="og:url" content="http://localhost/page-3/">
<meta property="og:image" content="http://localhost/page-3/use-cover-as-meta-image.png">
<meta name="twitter:card" content="summary_large_image">
<meta name="twitter:site" content="@myUser">
<meta name="description" content="THIS IS PAGE EXCERPT WILL BE USED AS META DESCRIPTION.">
<meta name="keywords" content="one, two">
<meta name="robots" content="this robots will be overrided">
<meta name="theme-color" content="black">
<meta name="generator" content="Lume testing">
<meta name="label1" content="Reading time">
<meta name="data1" content="1 minute">
</head><body><p>This is page excerpt will be used as meta description.</p>
<!--more-->
</body></html>',
    data: {
      basename: "page-3",
      children: "<p>This is page excerpt will be used as meta description.</p>
<!--more-->
",
      content: "This is page excerpt will be used as meta description.

<!--more-->
",
      cover: "./use-cover-as-meta-image.png",
      date: [],
      excerpt: "This is page excerpt will be used as meta description.

",
      header: [
        "title",
      ],
      mergedKeys: [
        "tags",
        "metas",
      ],
      metas: [
        "site",
        "title",
        "description",
        "image",
        "icon",
        "robots",
        "keywords",
        "twitter",
        "lang",
        "color",
        "generator",
        "other",
      ],
      page: [
        "src",
        "data",
      ],
      paginate: "paginate",
      robots: "this robots will be overrided",
      search: [],
      tags: "Array(0)",
      url: "/page-3/",
    },
    src: {
      asset: false,
      ext: ".md",
      path: "/page-3",
      remote: undefined,
    },
  },
]
`;
