export const snapshot = {};

snapshot[`partytown plugin 1`] = `
{
  formats: [
    {
      engines: 0,
      ext: ".page.toml",
      isPage: true,
      loader: [AsyncFunction: toml],
    },
    {
      engines: 1,
      ext: ".page.ts",
      isPage: true,
      loader: [AsyncFunction: module],
    },
    {
      engines: 1,
      ext: ".page.js",
      isPage: true,
      loader: [AsyncFunction: module],
    },
    {
      engines: 0,
      ext: ".page.jsonc",
      isPage: true,
      loader: [AsyncFunction: json],
    },
    {
      engines: 0,
      ext: ".page.json",
      isPage: true,
      loader: [AsyncFunction: json],
    },
    {
      dataLoader: [AsyncFunction: json],
      engines: 0,
      ext: ".json",
      loader: [AsyncFunction: json],
    },
    {
      dataLoader: [AsyncFunction: json],
      engines: 0,
      ext: ".jsonc",
      loader: [AsyncFunction: json],
    },
    {
      engines: 1,
      ext: ".md",
      isPage: true,
      loader: [AsyncFunction: text],
    },
    {
      engines: 1,
      ext: ".markdown",
      isPage: true,
      loader: [AsyncFunction: text],
    },
    {
      dataLoader: [AsyncFunction: module],
      engines: 1,
      ext: ".js",
      loader: [AsyncFunction: module],
    },
    {
      dataLoader: [AsyncFunction: module],
      engines: 1,
      ext: ".ts",
      loader: [AsyncFunction: module],
    },
    {
      engines: 1,
      ext: ".vento",
      isPage: true,
      loader: [AsyncFunction: text],
    },
    {
      engines: 1,
      ext: ".vto",
      isPage: true,
      loader: [AsyncFunction: text],
    },
    {
      dataLoader: [AsyncFunction: toml],
      engines: 0,
      ext: ".toml",
      loader: [AsyncFunction: toml],
    },
    {
      dataLoader: [AsyncFunction: yaml],
      engines: 0,
      ext: ".yaml",
      isPage: true,
      loader: [AsyncFunction: yaml],
    },
    {
      dataLoader: [AsyncFunction: yaml],
      engines: 0,
      ext: ".yml",
      isPage: true,
      loader: [AsyncFunction: yaml],
    },
    {
      ext: ".html",
    },
  ],
  src: [
    "/",
    "/index.vto",
    "/~partytown",
    "/~partytown/partytown-atomics.js",
    "/~partytown/partytown-media.js",
    "/~partytown/partytown-sw.js",
    "/~partytown/partytown.js",
  ],
}
`;

snapshot[`partytown plugin 2`] = `
[
  {
    entry: "/~partytown/partytown-atomics.js",
    flags: [
      "remote",
    ],
    outputPath: "/~partytown/partytown-atomics.js",
  },
  {
    entry: "/~partytown/partytown-media.js",
    flags: [
      "remote",
    ],
    outputPath: "/~partytown/partytown-media.js",
  },
  {
    entry: "/~partytown/partytown-sw.js",
    flags: [
      "remote",
    ],
    outputPath: "/~partytown/partytown-sw.js",
  },
  {
    entry: "/~partytown/partytown.js",
    flags: [
      "remote",
    ],
    outputPath: "/~partytown/partytown.js",
  },
]
`;

snapshot[`partytown plugin 3`] = `
[
  {
    content: \`<!DOCTYPE html>
<html lang="en"><head>
  <meta charset="UTF-8">
  <meta name="viewport" content="width=device-width, initial-scale=1.0">
  <title>title</title>
<script>!(function(w,p,f,c){if(!window.crossOriginIsolated && !navigator.serviceWorker) return;c=w[p]=Object.assign(w[p]||{},{"lib":"/~partytown/"});c[f]=(c[f]||[])})(window,'partytown','forward');/* Partytown 0.11.2 - MIT QwikDev */
const t={preserveBehavior:!1},e=e=>{if("string"==typeof e)return[e,t];const[n,r=t]=e;return[n,{...t,...r}]},n=Object.freeze((t=>{const e=new Set;let n=[];do{Object.getOwnPropertyNames(n).forEach((t=>{"function"==typeof n[t]&&e.add(t)}))}while((n=Object.getPrototypeOf(n))!==Object.prototype);return Array.from(e)})());!function(t,r,o,i,a,s,c,l,d,p,u=t,f){function h(){f||(f=1,"/"==(c=(s.lib||"/~partytown/")+(s.debug?"debug/":""))[0]&&(d=r.querySelectorAll('script[type="text/partytown"]'),i!=t?i.dispatchEvent(new CustomEvent("pt1",{detail:t})):(l=setTimeout(v,(null==s?void 0:s.fallbackTimeout)||1e4),r.addEventListener("pt0",w),a?y(1):o.serviceWorker?o.serviceWorker.register(c+(s.swPath||"partytown-sw.js"),{scope:c}).then((function(t){t.active?y():t.installing&&t.installing.addEventListener("statechange",(function(t){"activated"==t.target.state&&y()}))}),console.error):v())))}function y(e){p=r.createElement(e?"script":"iframe"),t._pttab=Date.now(),e||(p.style.display="block",p.style.width="0",p.style.height="0",p.style.border="0",p.style.visibility="hidden",p.setAttribute("aria-hidden",!0)),p.src=c+"partytown-"+(e?"atomics.js?v=0.11.2":"sandbox-sw.html?"+t._pttab),r.querySelector(s.sandboxParent||"body").appendChild(p)}function v(n,o){for(w(),i==t&&(s.forward||[]).map((function(n){const[r]=e(n);delete t[r.split(".")[0]]})),n=0;n<d.length;n++)(o=r.createElement("script")).innerHTML=d[n].innerHTML,o.nonce=s.nonce,r.head.appendChild(o);p&&p.parentNode.removeChild(p)}function w(){clearTimeout(l)}s=t.partytown||{},i==t&&(s.forward||[]).map((function(r){const[o,{preserveBehavior:i}]=e(r);u=t,o.split(".").map((function(e,r,o){var a;u=u[o[r]]=r+1<o.length?u[o[r]]||(a=o[r+1],n.includes(a)?[]:{}):(()=>{let e=null;if(i){const{methodOrProperty:n,thisObject:r}=((t,e)=>{let n=t;for(let t=0;t<e.length-1;t+=1)n=n[e[t]];return{thisObject:n,methodOrProperty:e.length>0?n[e[e.length-1]]:void 0}})(t,o);"function"==typeof n&&(e=(...t)=>n.apply(r,...t))}return function(){let n;return e&&(n=e(arguments)),(t._ptf=t._ptf||[]).push(o,arguments),n}})()}))})),"complete"==r.readyState?h():(t.addEventListener("DOMContentLoaded",h),t.addEventListener("load",h))}(window,document,navigator,top,window.crossOriginIsolated);</script></head>
<body>


</body></html>\`,
    data: {
      basename: "",
      children: '<!DOCTYPE html>
<html lang="en">
<head>
  <meta charset="UTF-8">
  <meta name="viewport" content="width=device-width, initial-scale=1.0">
  <title>title</title>
</head>
<body>

</body>
</html>',
      content: '<!DOCTYPE html>
<html lang="en">
<head>
  <meta charset="UTF-8">
  <meta name="viewport" content="width=device-width, initial-scale=1.0">
  <title>title</title>
</head>
<body>

</body>
</html>',
      date: [],
      mergedKeys: [
        "tags",
      ],
      page: [
        "src",
        "data",
        "isCopy",
      ],
      paginate: "paginate",
      search: [],
      tags: "Array(0)",
      url: "/",
    },
    src: {
      ext: ".vto",
      path: "/index",
      remote: undefined,
    },
  },
]
`;

snapshot[`partytown plugin (debug mode) 1`] = `
{
  formats: [
    {
      engines: 0,
      ext: ".page.toml",
      isPage: true,
      loader: [AsyncFunction: toml],
    },
    {
      engines: 1,
      ext: ".page.ts",
      isPage: true,
      loader: [AsyncFunction: module],
    },
    {
      engines: 1,
      ext: ".page.js",
      isPage: true,
      loader: [AsyncFunction: module],
    },
    {
      engines: 0,
      ext: ".page.jsonc",
      isPage: true,
      loader: [AsyncFunction: json],
    },
    {
      engines: 0,
      ext: ".page.json",
      isPage: true,
      loader: [AsyncFunction: json],
    },
    {
      dataLoader: [AsyncFunction: json],
      engines: 0,
      ext: ".json",
      loader: [AsyncFunction: json],
    },
    {
      dataLoader: [AsyncFunction: json],
      engines: 0,
      ext: ".jsonc",
      loader: [AsyncFunction: json],
    },
    {
      engines: 1,
      ext: ".md",
      isPage: true,
      loader: [AsyncFunction: text],
    },
    {
      engines: 1,
      ext: ".markdown",
      isPage: true,
      loader: [AsyncFunction: text],
    },
    {
      dataLoader: [AsyncFunction: module],
      engines: 1,
      ext: ".js",
      loader: [AsyncFunction: module],
    },
    {
      dataLoader: [AsyncFunction: module],
      engines: 1,
      ext: ".ts",
      loader: [AsyncFunction: module],
    },
    {
      engines: 1,
      ext: ".vento",
      isPage: true,
      loader: [AsyncFunction: text],
    },
    {
      engines: 1,
      ext: ".vto",
      isPage: true,
      loader: [AsyncFunction: text],
    },
    {
      dataLoader: [AsyncFunction: toml],
      engines: 0,
      ext: ".toml",
      loader: [AsyncFunction: toml],
    },
    {
      dataLoader: [AsyncFunction: yaml],
      engines: 0,
      ext: ".yaml",
      isPage: true,
      loader: [AsyncFunction: yaml],
    },
    {
      dataLoader: [AsyncFunction: yaml],
      engines: 0,
      ext: ".yml",
      isPage: true,
      loader: [AsyncFunction: yaml],
    },
    {
      ext: ".html",
    },
  ],
  src: [
    "/",
    "/index.vto",
    "/~partytown",
    "/~partytown/debug",
    "/~partytown/debug/partytown-atomics.js",
    "/~partytown/debug/partytown-media.js",
    "/~partytown/debug/partytown-sandbox-sw.js",
    "/~partytown/debug/partytown-sw.js",
    "/~partytown/debug/partytown-ww-atomics.js",
    "/~partytown/debug/partytown-ww-sw.js",
    "/~partytown/debug/partytown.js",
    "/~partytown/partytown-atomics.js",
    "/~partytown/partytown-media.js",
    "/~partytown/partytown-sw.js",
    "/~partytown/partytown.js",
  ],
}
`;

snapshot[`partytown plugin (debug mode) 2`] = `
[
  {
    entry: "/~partytown/debug/partytown-atomics.js",
    flags: [
      "remote",
    ],
    outputPath: "/~partytown/debug/partytown-atomics.js",
  },
  {
    entry: "/~partytown/debug/partytown-media.js",
    flags: [
      "remote",
    ],
    outputPath: "/~partytown/debug/partytown-media.js",
  },
  {
    entry: "/~partytown/debug/partytown-sandbox-sw.js",
    flags: [
      "remote",
    ],
    outputPath: "/~partytown/debug/partytown-sandbox-sw.js",
  },
  {
    entry: "/~partytown/debug/partytown-sw.js",
    flags: [
      "remote",
    ],
    outputPath: "/~partytown/debug/partytown-sw.js",
  },
  {
    entry: "/~partytown/debug/partytown-ww-atomics.js",
    flags: [
      "remote",
    ],
    outputPath: "/~partytown/debug/partytown-ww-atomics.js",
  },
  {
    entry: "/~partytown/debug/partytown-ww-sw.js",
    flags: [
      "remote",
    ],
    outputPath: "/~partytown/debug/partytown-ww-sw.js",
  },
  {
    entry: "/~partytown/debug/partytown.js",
    flags: [
      "remote",
    ],
    outputPath: "/~partytown/debug/partytown.js",
  },
  {
    entry: "/~partytown/partytown-atomics.js",
    flags: [
      "remote",
    ],
    outputPath: "/~partytown/partytown-atomics.js",
  },
  {
    entry: "/~partytown/partytown-media.js",
    flags: [
      "remote",
    ],
    outputPath: "/~partytown/partytown-media.js",
  },
  {
    entry: "/~partytown/partytown-sw.js",
    flags: [
      "remote",
    ],
    outputPath: "/~partytown/partytown-sw.js",
  },
  {
    entry: "/~partytown/partytown.js",
    flags: [
      "remote",
    ],
    outputPath: "/~partytown/partytown.js",
  },
]
`;

snapshot[`partytown plugin (debug mode) 3`] = `
[
  {
    content: \`<!DOCTYPE html>
<html lang="en"><head>
  <meta charset="UTF-8">
  <meta name="viewport" content="width=device-width, initial-scale=1.0">
  <title>title</title>
<script>!(function(w,p,f,c){if(!window.crossOriginIsolated && !navigator.serviceWorker) return;c=w[p]=Object.assign(w[p]||{},{"lib":"/~partytown/","debug":true});c[f]=(c[f]||[])})(window,'partytown','forward');/* Partytown 0.11.2 - MIT QwikDev */
const t={preserveBehavior:!1},e=e=>{if("string"==typeof e)return[e,t];const[n,r=t]=e;return[n,{...t,...r}]},n=Object.freeze((t=>{const e=new Set;let n=[];do{Object.getOwnPropertyNames(n).forEach((t=>{"function"==typeof n[t]&&e.add(t)}))}while((n=Object.getPrototypeOf(n))!==Object.prototype);return Array.from(e)})());!function(t,r,o,i,a,s,c,l,d,p,u=t,f){function h(){f||(f=1,"/"==(c=(s.lib||"/~partytown/")+(s.debug?"debug/":""))[0]&&(d=r.querySelectorAll('script[type="text/partytown"]'),i!=t?i.dispatchEvent(new CustomEvent("pt1",{detail:t})):(l=setTimeout(v,(null==s?void 0:s.fallbackTimeout)||1e4),r.addEventListener("pt0",w),a?y(1):o.serviceWorker?o.serviceWorker.register(c+(s.swPath||"partytown-sw.js"),{scope:c}).then((function(t){t.active?y():t.installing&&t.installing.addEventListener("statechange",(function(t){"activated"==t.target.state&&y()}))}),console.error):v())))}function y(e){p=r.createElement(e?"script":"iframe"),t._pttab=Date.now(),e||(p.style.display="block",p.style.width="0",p.style.height="0",p.style.border="0",p.style.visibility="hidden",p.setAttribute("aria-hidden",!0)),p.src=c+"partytown-"+(e?"atomics.js?v=0.11.2":"sandbox-sw.html?"+t._pttab),r.querySelector(s.sandboxParent||"body").appendChild(p)}function v(n,o){for(w(),i==t&&(s.forward||[]).map((function(n){const[r]=e(n);delete t[r.split(".")[0]]})),n=0;n<d.length;n++)(o=r.createElement("script")).innerHTML=d[n].innerHTML,o.nonce=s.nonce,r.head.appendChild(o);p&&p.parentNode.removeChild(p)}function w(){clearTimeout(l)}s=t.partytown||{},i==t&&(s.forward||[]).map((function(r){const[o,{preserveBehavior:i}]=e(r);u=t,o.split(".").map((function(e,r,o){var a;u=u[o[r]]=r+1<o.length?u[o[r]]||(a=o[r+1],n.includes(a)?[]:{}):(()=>{let e=null;if(i){const{methodOrProperty:n,thisObject:r}=((t,e)=>{let n=t;for(let t=0;t<e.length-1;t+=1)n=n[e[t]];return{thisObject:n,methodOrProperty:e.length>0?n[e[e.length-1]]:void 0}})(t,o);"function"==typeof n&&(e=(...t)=>n.apply(r,...t))}return function(){let n;return e&&(n=e(arguments)),(t._ptf=t._ptf||[]).push(o,arguments),n}})()}))})),"complete"==r.readyState?h():(t.addEventListener("DOMContentLoaded",h),t.addEventListener("load",h))}(window,document,navigator,top,window.crossOriginIsolated);</script></head>
<body>


</body></html>\`,
    data: {
      basename: "",
      children: '<!DOCTYPE html>
<html lang="en">
<head>
  <meta charset="UTF-8">
  <meta name="viewport" content="width=device-width, initial-scale=1.0">
  <title>title</title>
</head>
<body>

</body>
</html>',
      content: '<!DOCTYPE html>
<html lang="en">
<head>
  <meta charset="UTF-8">
  <meta name="viewport" content="width=device-width, initial-scale=1.0">
  <title>title</title>
</head>
<body>

</body>
</html>',
      date: [],
      mergedKeys: [
        "tags",
      ],
      page: [
        "src",
        "data",
        "isCopy",
      ],
      paginate: "paginate",
      search: [],
      tags: "Array(0)",
      url: "/",
    },
    src: {
      ext: ".vto",
      path: "/index",
      remote: undefined,
    },
  },
]
`;
