export const snapshot = {};

snapshot[`picture plugin 1`] = `
{
  formats: [
    {
      engines: 0,
      ext: ".page.toml",
      isPage: true,
      loader: [AsyncFunction: toml],
    },
    {
      engines: 1,
      ext: ".page.ts",
      isPage: true,
      loader: [AsyncFunction: module],
    },
    {
      engines: 1,
      ext: ".page.js",
      isPage: true,
      loader: [AsyncFunction: module],
    },
    {
      engines: 0,
      ext: ".page.jsonc",
      isPage: true,
      loader: [AsyncFunction: json],
    },
    {
      engines: 0,
      ext: ".page.json",
      isPage: true,
      loader: [AsyncFunction: json],
    },
    {
      dataLoader: [AsyncFunction: json],
      engines: 0,
      ext: ".json",
      loader: [AsyncFunction: json],
    },
    {
      dataLoader: [AsyncFunction: json],
      engines: 0,
      ext: ".jsonc",
      loader: [AsyncFunction: json],
    },
    {
      engines: 1,
      ext: ".md",
      isPage: true,
      loader: [AsyncFunction: text],
    },
    {
      engines: 1,
      ext: ".markdown",
      isPage: true,
      loader: [AsyncFunction: text],
    },
    {
      dataLoader: [AsyncFunction: module],
      engines: 1,
      ext: ".js",
      loader: [AsyncFunction: module],
    },
    {
      dataLoader: [AsyncFunction: module],
      engines: 1,
      ext: ".ts",
      loader: [AsyncFunction: module],
    },
    {
      engines: 1,
      ext: ".vento",
      isPage: true,
      loader: [AsyncFunction: text],
    },
    {
      engines: 1,
      ext: ".vto",
      isPage: true,
      loader: [AsyncFunction: text],
    },
    {
      dataLoader: [AsyncFunction: toml],
      engines: 0,
      ext: ".toml",
      loader: [AsyncFunction: toml],
    },
    {
      dataLoader: [AsyncFunction: yaml],
      engines: 0,
      ext: ".yaml",
      isPage: true,
      loader: [AsyncFunction: yaml],
    },
    {
      dataLoader: [AsyncFunction: yaml],
      engines: 0,
      ext: ".yml",
      isPage: true,
      loader: [AsyncFunction: yaml],
    },
    {
      ext: ".html",
    },
  ],
  src: [
    "/",
    "/index.vto",
    "/kevin schmid unsplash.jpg",
  ],
}
`;

snapshot[`picture plugin 2`] = `[]`;

snapshot[`picture plugin 3`] = `
[
  {
    content: \`<!DOCTYPE html>
<html><head>
  <title>Demo</title>
</head>

<body>

  <!-- without sizes -->
  <div>
    <img src="/kevin%20schmid%20unsplash-600w.png" srcset="/kevin%20schmid%20unsplash-600w@2.png 2x">
  </div>


  <picture>
    <source srcset="/kevin%20schmid%20unsplash-600w.avif, /kevin%20schmid%20unsplash-600w@2.avif 2x" type="image/avif"><source srcset="/kevin%20schmid%20unsplash-600w.webp, /kevin%20schmid%20unsplash-600w@2.webp 2x" type="image/webp"><img src="/kevin%20schmid%20unsplash-600w.jpg" srcset="/kevin%20schmid%20unsplash-600w@2.jpg 2x">
  </picture>

  <!-- This image will be converted to a picture -->
  <picture><source srcset="/kevin%20schmid%20unsplash-300w.avif, /kevin%20schmid%20unsplash-300w@2.avif 2x" type="image/avif"><source srcset="/kevin%20schmid%20unsplash-300w.webp, /kevin%20schmid%20unsplash-300w@2.webp 2x" type="image/webp"><img src="/kevin%20schmid%20unsplash-300w.jpg" srcset="/kevin%20schmid%20unsplash-300w@2.jpg 2x"></picture>

  <!-- This image won't be converted to a picture -->
  <img src="/kevin%20schmid%20unsplash.avif">

  <!-- with sizes -->
  <div>
    <img src="/kevin%20schmid%20unsplash-600w.png" sizes="600px" srcset="/kevin%20schmid%20unsplash-600w@2.png 1200w">
  </div>


  <picture>
    <source srcset="/kevin%20schmid%20unsplash-600w.avif 600w, /kevin%20schmid%20unsplash-600w@2.avif 1200w" type="image/avif" sizes="600px"><source srcset="/kevin%20schmid%20unsplash-600w.webp 600w, /kevin%20schmid%20unsplash-600w@2.webp 1200w" type="image/webp" sizes="600px"><img src="/kevin%20schmid%20unsplash-600w.jpg" sizes="600px" srcset="/kevin%20schmid%20unsplash-600w@2.jpg 1200w">
  </picture>

  <!-- This image will be converted to a picture -->
  <picture><source srcset="/kevin%20schmid%20unsplash-300w.avif 300w, /kevin%20schmid%20unsplash-300w@2.avif 600w" type="image/avif" sizes="600px"><source srcset="/kevin%20schmid%20unsplash-300w.webp 300w, /kevin%20schmid%20unsplash-300w@2.webp 600w" type="image/webp" sizes="600px"><img src="/kevin%20schmid%20unsplash-300w.jpg" sizes="600px" srcset="/kevin%20schmid%20unsplash-300w@2.jpg 600w"></picture>

  <!-- This image will be converted to a square picture -->
  <picture><source srcset="/kevin%20schmid%20unsplash-300x300.avif, /kevin%20schmid%20unsplash-300x300@2.avif 2x" type="image/avif"><source srcset="/kevin%20schmid%20unsplash-300x300.webp, /kevin%20schmid%20unsplash-300x300@2.webp 2x" type="image/webp"><img src="/kevin%20schmid%20unsplash-300x300.jpg" srcset="/kevin%20schmid%20unsplash-300x300@2.jpg 2x"></picture>


</body></html>\`,
    data: {
      basename: "",
      children: \`<!doctype html>
<html>
<head>
  <title>Demo</title>
</head>

<body>

  <!-- without sizes -->
  <div transform-images="png 600@2">
    <img src="/kevin schmid unsplash.jpg">
  </div>


  <picture transform-images="avif webp jpg 600@2">
    <img src="/kevin schmid unsplash.jpg">
  </picture>

  <!-- This image will be converted to a picture -->
  <img src="/kevin schmid unsplash.jpg" transform-images="avif webp jpg 300@2">

  <!-- This image won't be converted to a picture -->
  <img src="/kevin schmid unsplash.jpg" transform-images="avif">

  <!-- with sizes -->
  <div transform-images="png 600@2">
    <img src="/kevin schmid unsplash.jpg" sizes="600px">
  </div>


  <picture transform-images="avif webp jpg 600@2">
    <img src="/kevin schmid unsplash.jpg" sizes="600px">
  </picture>

  <!-- This image will be converted to a picture -->
  <img src="/kevin schmid unsplash.jpg" transform-images="avif webp jpg 300@2" sizes="600px">

  <!-- This image will be converted to a square picture -->
  <img src="/kevin schmid unsplash.jpg" transform-images="avif webp jpg 300x300@2">
</body>
</html>
\`,
      content: \`<!doctype html>
<html>
<head>
  <title>Demo</title>
</head>

<body>

  <!-- without sizes -->
  <div transform-images="png 600@2">
    <img src="/kevin schmid unsplash.jpg">
  </div>


  <picture transform-images="avif webp jpg 600@2">
    <img src="/kevin schmid unsplash.jpg">
  </picture>

  <!-- This image will be converted to a picture -->
  <img src="/kevin schmid unsplash.jpg" transform-images="avif webp jpg 300@2">

  <!-- This image won't be converted to a picture -->
  <img src="/kevin schmid unsplash.jpg" transform-images="avif">

  <!-- with sizes -->
  <div transform-images="png 600@2">
    <img src="/kevin schmid unsplash.jpg" sizes="600px">
  </div>


  <picture transform-images="avif webp jpg 600@2">
    <img src="/kevin schmid unsplash.jpg" sizes="600px">
  </picture>

  <!-- This image will be converted to a picture -->
  <img src="/kevin schmid unsplash.jpg" transform-images="avif webp jpg 300@2" sizes="600px">

  <!-- This image will be converted to a square picture -->
  <img src="/kevin schmid unsplash.jpg" transform-images="avif webp jpg 300x300@2">
</body>
</html>
\`,
      date: [],
      mergedKeys: [
        "tags",
      ],
      page: [
        "src",
        "data",
        "isCopy",
      ],
      paginate: "paginate",
      search: [],
      tags: "Array(0)",
      url: "/",
    },
    src: {
      ext: ".vto",
      path: "/index",
      remote: undefined,
    },
  },
]
`;
