export const snapshot = {};

snapshot[`postcss plugin 1`] = `
{
  formats: [
    {
      engines: 0,
      ext: ".page.toml",
      loader: [AsyncFunction: toml],
      pageType: "page",
    },
    {
      engines: 1,
      ext: ".page.ts",
      loader: [AsyncFunction: module],
      pageType: "page",
    },
    {
      engines: 1,
      ext: ".page.js",
      loader: [AsyncFunction: module],
      pageType: "page",
    },
    {
      engines: 0,
      ext: ".page.jsonc",
      loader: [AsyncFunction: json],
      pageType: "page",
    },
    {
      engines: 0,
      ext: ".page.json",
      loader: [AsyncFunction: json],
      pageType: "page",
    },
    {
      dataLoader: [AsyncFunction: json],
      engines: 0,
      ext: ".json",
      loader: [AsyncFunction: json],
    },
    {
      dataLoader: [AsyncFunction: json],
      engines: 0,
      ext: ".jsonc",
      loader: [AsyncFunction: json],
    },
    {
      engines: 1,
      ext: ".md",
      loader: [AsyncFunction: text],
      pageType: "page",
    },
    {
      engines: 1,
      ext: ".markdown",
      loader: [AsyncFunction: text],
      pageType: "page",
    },
    {
      dataLoader: [AsyncFunction: module],
      engines: 1,
      ext: ".js",
      loader: [AsyncFunction: module],
    },
    {
      dataLoader: [AsyncFunction: module],
      engines: 1,
      ext: ".ts",
      loader: [AsyncFunction: module],
    },
    {
      engines: 1,
      ext: ".vento",
      loader: [AsyncFunction: text],
      pageType: "page",
    },
    {
      engines: 1,
      ext: ".vto",
      loader: [AsyncFunction: text],
      pageType: "page",
    },
    {
      dataLoader: [AsyncFunction: toml],
      engines: 0,
      ext: ".toml",
      loader: [AsyncFunction: toml],
    },
    {
      dataLoader: [AsyncFunction: yaml],
      engines: 0,
      ext: ".yaml",
      loader: [AsyncFunction: yaml],
      pageType: "page",
    },
    {
      dataLoader: [AsyncFunction: yaml],
      engines: 0,
      ext: ".yml",
      loader: [AsyncFunction: yaml],
      pageType: "page",
    },
    {
      assetLoader: [AsyncFunction: text],
      engines: undefined,
      ext: ".css",
      pageType: "asset",
    },
  ],
  src: [
    "/",
    "/_includes",
    "/_includes/components",
    "/_includes/components/foo.css",
    "/_includes/variables.css",
    "/index.min.css",
    "/text.css",
  ],
}
`;

snapshot[`postcss plugin 2`] = `[]`;

snapshot[`postcss plugin 3`] = `
[
  {
    content: ".foo {
  color: red;
}

::root {
  --color: #333;
  --background: #fff;
  --font-family: sans-serif;
}

/*! modern-normalize v2.0.0 | MIT License | https://github.com/sindresorhus/modern-normalize */

/*
Document
========
*/

/**
Use a better box model (opinionated).
*/

*,
::before,
::after {
	box-sizing: border-box;
}

html {
	/* Improve consistency of default fonts in all browsers. (https://github.com/sindresorhus/modern-normalize/issues/3) */
	font-family:
		system-ui,
		'Segoe UI',
		Roboto,
		Helvetica,
		Arial,
		sans-serif,
		'Apple Color Emoji',
		'Segoe UI Emoji';
	line-height: 1.15; /* 1. Correct the line height in all browsers. */
	-webkit-text-size-adjust: 100%; /* 2. Prevent adjustments of font size after orientation changes in iOS. */
	-moz-tab-size: 4; /* 3. Use a more readable tab size (opinionated). */
	-o-tab-size: 4;
	   tab-size: 4; /* 3 */
}

/*
Sections
========
*/

body {
	margin: 0; /* Remove the margin in all browsers. */
}

/*
Grouping content
================
*/

/**
1. Add the correct height in Firefox.
2. Correct the inheritance of border color in Firefox. (https://bugzilla.mozilla.org/show_bug.cgi?id=190655)
*/

hr {
	height: 0; /* 1 */
	color: inherit; /* 2 */
}

/*
Text-level semantics
====================
*/

/**
Add the correct text decoration in Chrome, Edge, and Safari.
*/

abbr[title] {
	-webkit-text-decoration: underline dotted;
	        text-decoration: underline dotted;
}

/**
Add the correct font weight in Edge and Safari.
*/

b,
strong {
	font-weight: bolder;
}

/**
1. Improve consistency of default fonts in all browsers. (https://github.com/sindresorhus/modern-normalize/issues/3)
2. Correct the odd 'em' font sizing in all browsers.
*/

code,
kbd,
samp,
pre {
	font-family:
		ui-monospace,
		SFMono-Regular,
		Consolas,
		'Liberation Mono',
		Menlo,
		monospace; /* 1 */
	font-size: 1em; /* 2 */
}

/**
Add the correct font size in all browsers.
*/

small {
	font-size: 80%;
}

/**
Prevent 'sub' and 'sup' elements from affecting the line height in all browsers.
*/

sub,
sup {
	font-size: 75%;
	line-height: 0;
	position: relative;
	vertical-align: baseline;
}

sub {
	bottom: -0.25em;
}

sup {
	top: -0.5em;
}

/*
Tabular data
============
*/

/**
1. Remove text indentation from table contents in Chrome and Safari. (https://bugs.chromium.org/p/chromium/issues/detail?id=999088, https://bugs.webkit.org/show_bug.cgi?id=201297)
2. Correct table border color inheritance in Chrome and Safari. (https://bugs.chromium.org/p/chromium/issues/detail?id=935729, https://bugs.webkit.org/show_bug.cgi?id=195016)
*/

table {
	text-indent: 0; /* 1 */
	border-color: inherit; /* 2 */
}

/*
Forms
=====
*/

/**
1. Change the font styles in all browsers.
2. Remove the margin in Firefox and Safari.
*/

button,
input,
optgroup,
select,
textarea {
	font-family: inherit; /* 1 */
	font-size: 100%; /* 1 */
	line-height: 1.15; /* 1 */
	margin: 0; /* 2 */
}

/**
Remove the inheritance of text transform in Edge and Firefox.
*/

button,
select {
	text-transform: none;
}

/**
Correct the inability to style clickable types in iOS and Safari.
*/

button,
[type='button'],
[type='reset'],
[type='submit'] {
	-webkit-appearance: button;
}

/**
Remove the inner border and padding in Firefox.
*/

::-moz-focus-inner {
	border-style: none;
	padding: 0;
}

/**
Restore the focus styles unset by the previous rule.
*/

:-moz-focusring {
	outline: 1px dotted ButtonText;
}

/**
Remove the additional ':invalid' styles in Firefox.
See: https://github.com/mozilla/gecko-dev/blob/2f9eacd9d3d995c937b4251a5557d95d494c9be1/layout/style/res/forms.css#L728-L737
*/

:-moz-ui-invalid {
	box-shadow: none;
}

/**
Remove the padding so developers are not caught out when they zero out 'fieldset' elements in all browsers.
*/

legend {
	padding: 0;
}

/**
Add the correct vertical alignment in Chrome and Firefox.
*/

progress {
	vertical-align: baseline;
}

/**
Correct the cursor style of increment and decrement buttons in Safari.
*/

::-webkit-inner-spin-button,
::-webkit-outer-spin-button {
	height: auto;
}

/**
1. Correct the odd appearance in Chrome and Safari.
2. Correct the outline style in Safari.
*/

[type='search'] {
	-webkit-appearance: textfield; /* 1 */
	outline-offset: -2px; /* 2 */
}

/**
Remove the inner padding in Chrome and Safari on macOS.
*/

::-webkit-search-decoration {
	-webkit-appearance: none;
}

/**
1. Correct the inability to style clickable types in iOS and Safari.
2. Change font properties to 'inherit' in Safari.
*/

::-webkit-file-upload-button {
	-webkit-appearance: button; /* 1 */
	font: inherit; /* 2 */
}

/*
Interactive
===========
*/

/*
Add the correct display in Chrome and Safari.
*/

summary {
	display: list-item;
}

.text {
  font-family: var(--font-family);

  & p {
    color: var(--color);
    box-shadow: 0 0 0.5em var(--background);
    backdrop-filter: blur(2px);
  }
}
",
    data: {
      basename: "index.min",
      content: '@import "variables.css";
@import "./text.css";
',
      date: [],
      mergedKeys: [
        "tags",
      ],
      page: [
        "src",
        "data",
        "asset",
      ],
      paginate: "paginate",
      search: [],
      tags: "Array(0)",
      url: "/index.min.css",
    },
    src: {
      asset: true,
      ext: ".css",
      path: "/index.min",
      remote: undefined,
    },
  },
  {
    content: "/*! modern-normalize v2.0.0 | MIT License | https://github.com/sindresorhus/modern-normalize */

/*
Document
========
*/

/**
Use a better box model (opinionated).
*/

*,
::before,
::after {
	box-sizing: border-box;
}

html {
	/* Improve consistency of default fonts in all browsers. (https://github.com/sindresorhus/modern-normalize/issues/3) */
	font-family:
		system-ui,
		'Segoe UI',
		Roboto,
		Helvetica,
		Arial,
		sans-serif,
		'Apple Color Emoji',
		'Segoe UI Emoji';
	line-height: 1.15; /* 1. Correct the line height in all browsers. */
	-webkit-text-size-adjust: 100%; /* 2. Prevent adjustments of font size after orientation changes in iOS. */
	-moz-tab-size: 4; /* 3. Use a more readable tab size (opinionated). */
	-o-tab-size: 4;
	   tab-size: 4; /* 3 */
}

/*
Sections
========
*/

body {
	margin: 0; /* Remove the margin in all browsers. */
}

/*
Grouping content
================
*/

/**
1. Add the correct height in Firefox.
2. Correct the inheritance of border color in Firefox. (https://bugzilla.mozilla.org/show_bug.cgi?id=190655)
*/

hr {
	height: 0; /* 1 */
	color: inherit; /* 2 */
}

/*
Text-level semantics
====================
*/

/**
Add the correct text decoration in Chrome, Edge, and Safari.
*/

abbr[title] {
	-webkit-text-decoration: underline dotted;
	        text-decoration: underline dotted;
}

/**
Add the correct font weight in Edge and Safari.
*/

b,
strong {
	font-weight: bolder;
}

/**
1. Improve consistency of default fonts in all browsers. (https://github.com/sindresorhus/modern-normalize/issues/3)
2. Correct the odd 'em' font sizing in all browsers.
*/

code,
kbd,
samp,
pre {
	font-family:
		ui-monospace,
		SFMono-Regular,
		Consolas,
		'Liberation Mono',
		Menlo,
		monospace; /* 1 */
	font-size: 1em; /* 2 */
}

/**
Add the correct font size in all browsers.
*/

small {
	font-size: 80%;
}

/**
Prevent 'sub' and 'sup' elements from affecting the line height in all browsers.
*/

sub,
sup {
	font-size: 75%;
	line-height: 0;
	position: relative;
	vertical-align: baseline;
}

sub {
	bottom: -0.25em;
}

sup {
	top: -0.5em;
}

/*
Tabular data
============
*/

/**
1. Remove text indentation from table contents in Chrome and Safari. (https://bugs.chromium.org/p/chromium/issues/detail?id=999088, https://bugs.webkit.org/show_bug.cgi?id=201297)
2. Correct table border color inheritance in Chrome and Safari. (https://bugs.chromium.org/p/chromium/issues/detail?id=935729, https://bugs.webkit.org/show_bug.cgi?id=195016)
*/

table {
	text-indent: 0; /* 1 */
	border-color: inherit; /* 2 */
}

/*
Forms
=====
*/

/**
1. Change the font styles in all browsers.
2. Remove the margin in Firefox and Safari.
*/

button,
input,
optgroup,
select,
textarea {
	font-family: inherit; /* 1 */
	font-size: 100%; /* 1 */
	line-height: 1.15; /* 1 */
	margin: 0; /* 2 */
}

/**
Remove the inheritance of text transform in Edge and Firefox.
*/

button,
select {
	text-transform: none;
}

/**
Correct the inability to style clickable types in iOS and Safari.
*/

button,
[type='button'],
[type='reset'],
[type='submit'] {
	-webkit-appearance: button;
}

/**
Remove the inner border and padding in Firefox.
*/

::-moz-focus-inner {
	border-style: none;
	padding: 0;
}

/**
Restore the focus styles unset by the previous rule.
*/

:-moz-focusring {
	outline: 1px dotted ButtonText;
}

/**
Remove the additional ':invalid' styles in Firefox.
See: https://github.com/mozilla/gecko-dev/blob/2f9eacd9d3d995c937b4251a5557d95d494c9be1/layout/style/res/forms.css#L728-L737
*/

:-moz-ui-invalid {
	box-shadow: none;
}

/**
Remove the padding so developers are not caught out when they zero out 'fieldset' elements in all browsers.
*/

legend {
	padding: 0;
}

/**
Add the correct vertical alignment in Chrome and Firefox.
*/

progress {
	vertical-align: baseline;
}

/**
Correct the cursor style of increment and decrement buttons in Safari.
*/

::-webkit-inner-spin-button,
::-webkit-outer-spin-button {
	height: auto;
}

/**
1. Correct the odd appearance in Chrome and Safari.
2. Correct the outline style in Safari.
*/

[type='search'] {
	-webkit-appearance: textfield; /* 1 */
	outline-offset: -2px; /* 2 */
}

/**
Remove the inner padding in Chrome and Safari on macOS.
*/

::-webkit-search-decoration {
	-webkit-appearance: none;
}

/**
1. Correct the inability to style clickable types in iOS and Safari.
2. Change font properties to 'inherit' in Safari.
*/

::-webkit-file-upload-button {
	-webkit-appearance: button; /* 1 */
	font: inherit; /* 2 */
}

/*
Interactive
===========
*/

/*
Add the correct display in Chrome and Safari.
*/

summary {
	display: list-item;
}

.text {
  font-family: var(--font-family);

  & p {
    color: var(--color);
    box-shadow: 0 0 0.5em var(--background);
    backdrop-filter: blur(2px);
  }
}
",
    data: {
      basename: "text",
      content: '@import "npm:modern-normalize@2.0.0";

.text {
  font-family: var(--font-family);

  & p {
    color: var(--color);
    box-shadow: 0 0 0.5em var(--background);
    backdrop-filter: blur(2px);
  }
}
',
      date: [],
      mergedKeys: [
        "tags",
      ],
      page: [
        "src",
        "data",
        "asset",
      ],
      paginate: "paginate",
      search: [],
      tags: "Array(0)",
      url: "/text.css",
    },
    src: {
      asset: true,
      ext: ".css",
      path: "/text",
      remote: undefined,
    },
  },
]
`;

snapshot[`postcss plugin without includes 1`] = `
{
  formats: [
    {
      engines: 0,
      ext: ".page.toml",
      loader: [AsyncFunction: toml],
      pageType: "page",
    },
    {
      engines: 1,
      ext: ".page.ts",
      loader: [AsyncFunction: module],
      pageType: "page",
    },
    {
      engines: 1,
      ext: ".page.js",
      loader: [AsyncFunction: module],
      pageType: "page",
    },
    {
      engines: 0,
      ext: ".page.jsonc",
      loader: [AsyncFunction: json],
      pageType: "page",
    },
    {
      engines: 0,
      ext: ".page.json",
      loader: [AsyncFunction: json],
      pageType: "page",
    },
    {
      dataLoader: [AsyncFunction: json],
      engines: 0,
      ext: ".json",
      loader: [AsyncFunction: json],
    },
    {
      dataLoader: [AsyncFunction: json],
      engines: 0,
      ext: ".jsonc",
      loader: [AsyncFunction: json],
    },
    {
      engines: 1,
      ext: ".md",
      loader: [AsyncFunction: text],
      pageType: "page",
    },
    {
      engines: 1,
      ext: ".markdown",
      loader: [AsyncFunction: text],
      pageType: "page",
    },
    {
      dataLoader: [AsyncFunction: module],
      engines: 1,
      ext: ".js",
      loader: [AsyncFunction: module],
    },
    {
      dataLoader: [AsyncFunction: module],
      engines: 1,
      ext: ".ts",
      loader: [AsyncFunction: module],
    },
    {
      engines: 1,
      ext: ".vento",
      loader: [AsyncFunction: text],
      pageType: "page",
    },
    {
      engines: 1,
      ext: ".vto",
      loader: [AsyncFunction: text],
      pageType: "page",
    },
    {
      dataLoader: [AsyncFunction: toml],
      engines: 0,
      ext: ".toml",
      loader: [AsyncFunction: toml],
    },
    {
      dataLoader: [AsyncFunction: yaml],
      engines: 0,
      ext: ".yaml",
      loader: [AsyncFunction: yaml],
      pageType: "page",
    },
    {
      dataLoader: [AsyncFunction: yaml],
      engines: 0,
      ext: ".yml",
      loader: [AsyncFunction: yaml],
      pageType: "page",
    },
    {
      assetLoader: [AsyncFunction: text],
      engines: undefined,
      ext: ".css",
      pageType: "asset",
    },
  ],
  src: [
    "/",
    "/_includes",
    "/_includes/components",
    "/_includes/components/foo.css",
    "/_includes/variables.css",
    "/index.min.css",
    "/text.css",
  ],
}
`;

snapshot[`postcss plugin without includes 2`] = `[]`;

snapshot[`postcss plugin without includes 3`] = `
[
  {
    content: '@import "variables.css";
@import "./text.css";
',
    data: {
      basename: "index.min",
      content: '@import "variables.css";
@import "./text.css";
',
      date: [],
      mergedKeys: [
        "tags",
      ],
      page: [
        "src",
        "data",
        "asset",
      ],
      paginate: "paginate",
      search: [],
      tags: "Array(0)",
      url: "/index.min.css",
    },
    src: {
      asset: true,
      ext: ".css",
      path: "/index.min",
      remote: undefined,
    },
  },
  {
    content: '@import "npm:modern-normalize@2.0.0";

.text {
  font-family: var(--font-family);

  & p {
    color: var(--color);
    box-shadow: 0 0 0.5em var(--background);
    backdrop-filter: blur(2px);
  }
}
',
    data: {
      basename: "text",
      content: '@import "npm:modern-normalize@2.0.0";

.text {
  font-family: var(--font-family);

  & p {
    color: var(--color);
    box-shadow: 0 0 0.5em var(--background);
    backdrop-filter: blur(2px);
  }
}
',
      date: [],
      mergedKeys: [
        "tags",
      ],
      page: [
        "src",
        "data",
        "asset",
      ],
      paginate: "paginate",
      search: [],
      tags: "Array(0)",
      url: "/text.css",
    },
    src: {
      asset: true,
      ext: ".css",
      path: "/text",
      remote: undefined,
    },
  },
]
`;

snapshot[`postcss plugin with hooks 1`] = `
{
  formats: [
    {
      engines: 0,
      ext: ".page.toml",
      loader: [AsyncFunction: toml],
      pageType: "page",
    },
    {
      engines: 1,
      ext: ".page.ts",
      loader: [AsyncFunction: module],
      pageType: "page",
    },
    {
      engines: 1,
      ext: ".page.js",
      loader: [AsyncFunction: module],
      pageType: "page",
    },
    {
      engines: 0,
      ext: ".page.jsonc",
      loader: [AsyncFunction: json],
      pageType: "page",
    },
    {
      engines: 0,
      ext: ".page.json",
      loader: [AsyncFunction: json],
      pageType: "page",
    },
    {
      dataLoader: [AsyncFunction: json],
      engines: 0,
      ext: ".json",
      loader: [AsyncFunction: json],
    },
    {
      dataLoader: [AsyncFunction: json],
      engines: 0,
      ext: ".jsonc",
      loader: [AsyncFunction: json],
    },
    {
      engines: 1,
      ext: ".md",
      loader: [AsyncFunction: text],
      pageType: "page",
    },
    {
      engines: 1,
      ext: ".markdown",
      loader: [AsyncFunction: text],
      pageType: "page",
    },
    {
      dataLoader: [AsyncFunction: module],
      engines: 1,
      ext: ".js",
      loader: [AsyncFunction: module],
    },
    {
      dataLoader: [AsyncFunction: module],
      engines: 1,
      ext: ".ts",
      loader: [AsyncFunction: module],
    },
    {
      engines: 1,
      ext: ".vento",
      loader: [AsyncFunction: text],
      pageType: "page",
    },
    {
      engines: 1,
      ext: ".vto",
      loader: [AsyncFunction: text],
      pageType: "page",
    },
    {
      dataLoader: [AsyncFunction: toml],
      engines: 0,
      ext: ".toml",
      loader: [AsyncFunction: toml],
    },
    {
      dataLoader: [AsyncFunction: yaml],
      engines: 0,
      ext: ".yaml",
      loader: [AsyncFunction: yaml],
      pageType: "page",
    },
    {
      dataLoader: [AsyncFunction: yaml],
      engines: 0,
      ext: ".yml",
      loader: [AsyncFunction: yaml],
      pageType: "page",
    },
    {
      assetLoader: [AsyncFunction: text],
      engines: undefined,
      ext: ".css",
      pageType: "asset",
    },
  ],
  src: [
    "/",
    "/_includes",
    "/_includes/components",
    "/_includes/components/foo.css",
    "/_includes/variables.css",
    "/index.min.css",
    "/text.css",
  ],
}
`;

snapshot[`postcss plugin with hooks 2`] = `[]`;

snapshot[`postcss plugin with hooks 3`] = `
[
  {
    content: ".foo{color:red}::root{--color:#333;--background:#fff;--font-family:sans-serif}

/*! modern-normalize v2.0.0 | MIT License | https://github.com/sindresorhus/modern-normalize */*,:after,:before{box-sizing:border-box}html{font-family:system-ui,Segoe UI,Roboto,Helvetica,Arial,sans-serif,Apple Color Emoji,Segoe UI Emoji;line-height:1.15;-webkit-text-size-adjust:100%;-moz-tab-size:4;-o-tab-size:4;tab-size:4}body{margin:0}hr{color:inherit;height:0}abbr[title]{-webkit-text-decoration:underline dotted;text-decoration:underline dotted}b,strong{font-weight:bolder}code,kbd,pre,samp{font-family:ui-monospace,SFMono-Regular,Consolas,Liberation Mono,Menlo,monospace;font-size:1em}small{font-size:80%}sub,sup{font-size:75%;line-height:0;position:relative;vertical-align:baseline}sub{bottom:-.25em}sup{top:-.5em}table{border-color:inherit;text-indent:0}button,input,optgroup,select,textarea{font-family:inherit;font-size:100%;line-height:1.15;margin:0}button,select{text-transform:none}[type=button],[type=reset],[type=submit],button{-webkit-appearance:button}::-moz-focus-inner{border-style:none;padding:0}:-moz-focusring{outline:1px dotted ButtonText}:-moz-ui-invalid{box-shadow:none}legend{padding:0}progress{vertical-align:baseline}::-webkit-inner-spin-button,::-webkit-outer-spin-button{height:auto}[type=search]{-webkit-appearance:textfield;outline-offset:-2px}::-webkit-search-decoration{-webkit-appearance:none}::-webkit-file-upload-button{-webkit-appearance:button;font:inherit}summary{display:list-item}.text{font-family:var(--font-family);& p{backdrop-filter:blur(2px);box-shadow:0 0 .5em var(--background);color:var(--color)}}",
    data: {
      basename: "index.min",
      content: '@import "variables.css";
@import "./text.css";
',
      date: [],
      mergedKeys: [
        "tags",
      ],
      page: [
        "src",
        "data",
        "asset",
      ],
      paginate: "paginate",
      search: [],
      tags: "Array(0)",
      url: "/index.min.css",
    },
    src: {
      asset: true,
      ext: ".css",
      path: "/index.min",
      remote: undefined,
    },
  },
  {
    content: "/*! modern-normalize v2.0.0 | MIT License | https://github.com/sindresorhus/modern-normalize */*,:after,:before{box-sizing:border-box}html{font-family:system-ui,Segoe UI,Roboto,Helvetica,Arial,sans-serif,Apple Color Emoji,Segoe UI Emoji;line-height:1.15;-webkit-text-size-adjust:100%;-moz-tab-size:4;-o-tab-size:4;tab-size:4}body{margin:0}hr{color:inherit;height:0}abbr[title]{-webkit-text-decoration:underline dotted;text-decoration:underline dotted}b,strong{font-weight:bolder}code,kbd,pre,samp{font-family:ui-monospace,SFMono-Regular,Consolas,Liberation Mono,Menlo,monospace;font-size:1em}small{font-size:80%}sub,sup{font-size:75%;line-height:0;position:relative;vertical-align:baseline}sub{bottom:-.25em}sup{top:-.5em}table{border-color:inherit;text-indent:0}button,input,optgroup,select,textarea{font-family:inherit;font-size:100%;line-height:1.15;margin:0}button,select{text-transform:none}[type=button],[type=reset],[type=submit],button{-webkit-appearance:button}::-moz-focus-inner{border-style:none;padding:0}:-moz-focusring{outline:1px dotted ButtonText}:-moz-ui-invalid{box-shadow:none}legend{padding:0}progress{vertical-align:baseline}::-webkit-inner-spin-button,::-webkit-outer-spin-button{height:auto}[type=search]{-webkit-appearance:textfield;outline-offset:-2px}::-webkit-search-decoration{-webkit-appearance:none}::-webkit-file-upload-button{-webkit-appearance:button;font:inherit}summary{display:list-item}.text{font-family:var(--font-family);& p{backdrop-filter:blur(2px);box-shadow:0 0 .5em var(--background);color:var(--color)}}",
    data: {
      basename: "text",
      content: '@import "npm:modern-normalize@2.0.0";

.text {
  font-family: var(--font-family);

  & p {
    color: var(--color);
    box-shadow: 0 0 0.5em var(--background);
    backdrop-filter: blur(2px);
  }
}
',
      date: [],
      mergedKeys: [
        "tags",
      ],
      page: [
        "src",
        "data",
        "asset",
      ],
      paginate: "paginate",
      search: [],
      tags: "Array(0)",
      url: "/text.css",
    },
    src: {
      asset: true,
      ext: ".css",
      path: "/text",
      remote: undefined,
    },
  },
]
`;
