export const snapshot = {};

snapshot[`Copy static files 1`] = `
{
  formats: [
    {
      engines: 1,
      ext: ".tmpl.ts",
      pageLoader: [AsyncFunction: module],
    },
    {
      engines: 1,
      ext: ".tmpl.js",
      pageLoader: [AsyncFunction: module],
    },
    {
      engines: undefined,
      ext: ".tmpl.json",
      pageLoader: [AsyncFunction: json],
    },
    {
      dataLoader: [AsyncFunction: json],
      engines: undefined,
      ext: ".json",
    },
    {
      engines: 1,
      ext: ".md",
      pageLoader: [AsyncFunction: text],
    },
    {
      engines: 1,
      ext: ".markdown",
      pageLoader: [AsyncFunction: text],
    },
    {
      componentLoader: [AsyncFunction: module],
      copy: true,
      dataLoader: [AsyncFunction: module],
      engines: 1,
      ext: ".js",
    },
    {
      componentLoader: [AsyncFunction: module],
      dataLoader: [AsyncFunction: module],
      engines: 1,
      ext: ".ts",
    },
    {
      componentLoader: [AsyncFunction: text],
      engines: 1,
      ext: ".njk",
      includesPath: "_includes",
      pageLoader: [AsyncFunction: text],
    },
    {
      dataLoader: [AsyncFunction: yaml],
      engines: undefined,
      ext: ".yaml",
      pageLoader: [AsyncFunction: yaml],
    },
    {
      dataLoader: [AsyncFunction: yaml],
      engines: undefined,
      ext: ".yml",
      pageLoader: [AsyncFunction: yaml],
    },
    {
      copy: true,
      engines: undefined,
      ext: ".css",
    },
    {
      copy: true,
      engines: undefined,
      ext: ".copy",
    },
    {
      copy: [Function (anonymous)],
      engines: undefined,
      ext: ".copy2",
    },
  ],
}
`;

snapshot[`Copy static files 2`] = `
[
  {
    entry: "/_headers",
    flags: [],
    outputPath: "/_headers",
  },
  {
    entry: "/one.yes",
    flags: [],
    outputPath: "/one.yes",
  },
  {
    entry: "/one.yes",
    flags: [],
    outputPath: "/one-again.yes",
  },
  {
    entry: "/other/one",
    flags: [],
    outputPath: "/other/one",
  },
  {
    entry: "/other/two",
    flags: [],
    outputPath: "/other/two",
  },
  {
    entry: "/other2/one",
    flags: [],
    outputPath: "/other2/one",
  },
  {
    entry: "/other2/two",
    flags: [],
    outputPath: "/other2/two",
  },
  {
    entry: "/posts/2022-01-01_first-post/assets/inner/inner2/styles.scss",
    flags: [],
    outputPath: "/posts/first-post/assets/inner/inner2/styles.css",
  },
  {
    entry: "/posts/2022-01-01_first-post/assets/inner/styles1.scss",
    flags: [],
    outputPath: "/posts/first-post/assets/inner/styles1.css",
  },
  {
    entry: "/posts/2022-01-01_first-post/assets/styles.scss",
    flags: [],
    outputPath: "/posts/first-post/assets/styles.css",
  },
  {
    entry: "/posts/2022-01-01_first-post/callback.copy2",
    flags: [],
    outputPath: "/subdir/posts/first-post/callback.copy3",
  },
  {
    entry: "/posts/2022-01-01_first-post/individual-file",
    flags: [],
    outputPath: "/posts/first-post/individual-file",
  },
  {
    entry: "/posts/2022-01-01_first-post/inner/callback1.copy2",
    flags: [],
    outputPath: "/subdir/posts/first-post/inner/callback1.copy3",
  },
  {
    entry: "/posts/2022-01-01_first-post/inner/inner2/callback2.copy2",
    flags: [],
    outputPath: "/subdir/posts/first-post/inner/inner2/callback2.copy3",
  },
  {
    entry: "/posts/2022-01-01_first-post/inner/inner2/to-copy2.copy",
    flags: [],
    outputPath: "/posts/first-post/inner/inner2/to-copy2.copy",
  },
  {
    entry: "/posts/2022-01-01_first-post/inner/to-copy1.copy",
    flags: [],
    outputPath: "/posts/first-post/inner/to-copy1.copy",
  },
  {
    entry: "/posts/2022-01-01_first-post/to-copy.copy",
    flags: [],
    outputPath: "/posts/first-post/to-copy.copy",
  },
  {
    entry: "/script/2022-01-01_app/main.js",
    flags: [],
    outputPath: "/script/app/main.js",
  },
  {
    entry: "/static/_redirects",
    flags: [],
    outputPath: "/_redirects",
  },
  {
    entry: "/static/one.yes",
    flags: [],
    outputPath: "/one.yes",
  },
  {
    entry: "/static/two.yes",
    flags: [],
    outputPath: "/two.yes",
  },
  {
    entry: "/styles.css",
    flags: [],
    outputPath: "/styles.css",
  },
  {
    entry: "/styles/main.css",
    flags: [],
    outputPath: "/styles/main.css",
  },
]
`;

snapshot[`Copy static files 3`] = `[]`;
